echo "# BallgownRNAseq" >> README.md
git init
git add README.md
git commit -m "first commit"
git remote add origin https://github.com/JimmyLiJing/BallgownRNAseq.git
git push -u origin master


> pheno_data <- read.table("Huntsman.csv", header=TRUE, colClasses = rep("character", 3))
> pheno_data = pheno_data[order(pheno_data$ids),]
> bg <- ballgown(dataDir = ".", samplePattern=“DAH”, pData=pheno_data)
Error: unexpected input in "bg <- ballgown(dataDir = ".", samplePattern=?"
> bg <- ballgown(dataDir = "ballgown", samplePattern=“DAH”, pData=pheno_data)
Error: unexpected input in "bg <- ballgown(dataDir = "ballgown", samplePattern=?"
> bg <- ballgown(dataDir = "ballgown", samplePattern="DAH", pData=pheno_data)
Thu Sep 14 16:28:02 2017
Thu Sep 14 16:28:02 2017: Reading linking tables
Thu Sep 14 16:28:04 2017: Reading intron data files
Thu Sep 14 16:28:25 2017: Merging intron data
Thu Sep 14 16:28:28 2017: Reading exon data files
Thu Sep 14 16:29:12 2017: Merging exon data
Thu Sep 14 16:29:16 2017: Reading transcript data files
Thu Sep 14 16:29:35 2017: Merging transcript data
Wrapping up the results
Thu Sep 14 16:29:38 2017
> results_transcripts = stattest(bg, feature="transcript",covariate=“mutsta”,adjustvars = c("population"), getFC=TRUE, meas="FPKM") 
Error: unexpected input in "results_transcripts = stattest(bg, feature="transcript",covariate=?"
> results_transcripts = stattest(bg, feature="transcript",covariate="mutsta",adjustvars = c("population"), getFC=TRUE, meas="FPKM") 
Coefficients not estimable: populationNon 
Error in solve.default(t(mod) %*% mod) : 
  Lapack routine dgesv: system is exactly singular: U[5,5] = 0
In addition: Warning message:
Partial NA coefficients for 110829 probe(s) 
> results_transcripts = stattest(bg, feature="transcript",covariate="mutsta", getFC=TRUE, meas="FPKM") 
> results_genes = stattest(bg, feature="gene", covariate=“mutsta”, adjustvars = c("population"), getFC=TRUE, meas="FPKM") 
Error: unexpected input in "results_genes = stattest(bg, feature="gene", covariate=?"
> results_genes = stattest(bg, feature="gene", covariate="mutsta", getFC=TRUE, meas="FPKM") 
> results_transcripts = data.frame(geneNames=ballgown::geneNames(bg), geneIDs=ballgown::geneIDs(bg), results_transcripts) 
> results_transcripts = arrange(results_transcripts,pval)
> results_genes = arrange(results_genes,pval)
> write.csv(results_transcripts, "Huntsman_transcript_results.csv", row.names=FALSE)
> write.csv(results_genes, "Huntsman_gene_results.csv", row.names=FALSE)
> subset(results_transcripts,results_transcripts$qval<0.05)
[1] geneNames geneIDs   feature   id        fc        pval      qval     
<0 rows> (or 0-length row.names)
> subset(results_genes,results_genes$qval<0.05)
[1] feature id      fc      pval    qval   
<0 rows> (or 0-length row.names)
> results_genes = data.frame(geneNames=ballgown::geneNames(bg), geneIDs=ballgown::geneIDs(bg), results_genes 
+ ) 
Error in data.frame(geneNames = ballgown::geneNames(bg), geneIDs = ballgown::geneIDs(bg),  : 
  arguments imply differing number of rows: 110829, 50731
> results_genes = data.frame(geneNames=ballgown::geneNames(bg), results_genes)
Error in data.frame(geneNames = ballgown::geneNames(bg), results_genes) : 
  arguments imply differing number of rows: 110829, 50731
> fpkm = texpr(bg_chrX,meas="FPKM")
Error in texpr(bg_chrX, meas = "FPKM") : object 'bg_chrX' not found
> fpkm = texpr(bg,meas="FPKM")
> fpkm = log2(fpkm+1)
> boxplot(fpkm,col=as.numeric(pheno_data$mutsta),las=2,ylab='log2(FPKM+1)') 
Warning message:
In boxplot.default(groups, ...) : NAs introduced by coercion
> plotMeans('MSTRG.29352', bg,groupvar=“mutsta”,legend=FALSE) 
Error: unexpected input in "plotMeans('MSTRG.29352', bg,groupvar=?"
> plotMeans('MSTRG.29352', bg,groupvar="mutsta",legend=FALSE) 
> q()
